current directory: C:/Users/Jens/Documents/coding/jensettl.github.io/vendor/bundle/ruby/3.4.0/gems/psych-5.2.6/ext/psych
C:/Ruby34-x64/bin/ruby.exe extconf.rb
checking for pkg-config for yaml-0.1... ["-IC:/Ruby34-x64/msys64/ucrt64/bin/../include ", "-LC:/Ruby34-x64/msys64/ucrt64/bin/../lib", "-lyaml"]
checking for yaml.h... yes
checking for yaml_get_version() in -lyaml... yes
creating Makefile

current directory: C:/Users/Jens/Documents/coding/jensettl.github.io/vendor/bundle/ruby/3.4.0/gems/psych-5.2.6/ext/psych
make DESTDIR\= sitearchdir\=./.gem.20251017-34980-xgbtf4 sitelibdir\=./.gem.20251017-34980-xgbtf4 clean
cd libyaml && make clean
/bin/sh: Zeile 1: cd: libyaml: No such file or directory
make: [Makefile:291: clean-so] Fehler 1 (ignoriert)

current directory: C:/Users/Jens/Documents/coding/jensettl.github.io/vendor/bundle/ruby/3.4.0/gems/psych-5.2.6/ext/psych
make DESTDIR\= sitearchdir\=./.gem.20251017-34980-xgbtf4 sitelibdir\=./.gem.20251017-34980-xgbtf4
generating psych-x64-mingw-ucrt.def
compiling psych.c
compiling psych_emitter.c
compiling psych_parser.c
compiling psych_to_ruby.c
compiling psych_yaml_tree.c
linking shared-object psych.so

current directory: C:/Users/Jens/Documents/coding/jensettl.github.io/vendor/bundle/ruby/3.4.0/gems/psych-5.2.6/ext/psych
make DESTDIR\= sitearchdir\=./.gem.20251017-34980-xgbtf4 sitelibdir\=./.gem.20251017-34980-xgbtf4 install
/usr/bin/install -c -m 0755 psych.so ./.gem.20251017-34980-xgbtf4

current directory: C:/Users/Jens/Documents/coding/jensettl.github.io/vendor/bundle/ruby/3.4.0/gems/psych-5.2.6/ext/psych
make DESTDIR\= sitearchdir\=./.gem.20251017-34980-xgbtf4 sitelibdir\=./.gem.20251017-34980-xgbtf4 clean
cd libyaml && make clean
/bin/sh: Zeile 1: cd: libyaml: No such file or directory
make: [Makefile:291: clean-so] Fehler 1 (ignoriert)
